┏━━━━━━━━━━━━━━━━━━━━━━┳━━━━━━━━━━┳━━━━━━━━━━┳━━━━━━━━━━┳━━━━━━━━━━┳━━━━━━━━━━━┳━━━━━━━━━━┳━━━━━━━━━━━┳━━━━━━━━━━┳━━━━━━━━━━━┳━━━━━━━━━━┳━━━━━━━━━━━┳━━━━━━━━━━┓
┃                      ┃ Hold     ┃ Reg to   ┃          ┃          ┃ of which  ┃ Setup    ┃           ┃          ┃           ┃ of which ┃           ┃          ┃
┃                      ┃ Worst    ┃ Reg      ┃          ┃ Hold Vio ┃ reg to    ┃ Worst    ┃ Reg to    ┃ Setup    ┃ Setup Vio ┃ reg to   ┃ Max Cap   ┃ Max Slew ┃
┃ Corner/Group         ┃ Slack    ┃ Paths    ┃ Hold TNS ┃ Count    ┃ reg       ┃ Slack    ┃ Reg Paths ┃ TNS      ┃ Count     ┃ reg      ┃ Violatio… ┃ Violati… ┃
┡━━━━━━━━━━━━━━━━━━━━━━╇━━━━━━━━━━╇━━━━━━━━━━╇━━━━━━━━━━╇━━━━━━━━━━╇━━━━━━━━━━━╇━━━━━━━━━━╇━━━━━━━━━━━╇━━━━━━━━━━╇━━━━━━━━━━━╇━━━━━━━━━━╇━━━━━━━━━━━╇━━━━━━━━━━┩
│ Overall              │ -0.2734  │ 0.0835   │ -0.2734  │ 3        │ 0         │ 7.6591   │ 8.2046    │ 0.0000   │ 0         │ 0        │ 1         │ 15       │
│ nom_tt_025C_1v80     │ 0.1832   │ 0.2232   │ 0.0000   │ 0        │ 0         │ 10.5859  │ 29.8649   │ 0.0000   │ 0         │ 0        │ 0         │ 0        │
│ nom_ss_100C_1v60     │ -0.1790  │ 0.5909   │ -0.1790  │ 1        │ 0         │ 7.9142   │ 8.8152    │ 0.0000   │ 0         │ 0        │ 0         │ 0        │
│ nom_ff_n40C_1v95     │ 0.0968   │ 0.0968   │ 0.0000   │ 0        │ 0         │ 11.7476  │ 37.5827   │ 0.0000   │ 0         │ 0        │ 0         │ 0        │
│ min_tt_025C_1v80     │ 0.2305   │ 0.2305   │ 0.0000   │ 0        │ 0         │ 10.7451  │ 30.2151   │ 0.0000   │ 0         │ 0        │ 0         │ 0        │
│ min_ss_100C_1v60     │ -0.0743  │ 0.5910   │ -0.0743  │ 1        │ 0         │ 8.1764   │ 9.4400    │ 0.0000   │ 0         │ 0        │ 0         │ 0        │
│ min_ff_n40C_1v95     │ 0.1022   │ 0.1022   │ 0.0000   │ 0        │ 0         │ 11.8550  │ 37.8195   │ 0.0000   │ 0         │ 0        │ 0         │ 0        │
│ max_tt_025C_1v80     │ 0.1237   │ 0.2068   │ 0.0000   │ 0        │ 0         │ 10.4254  │ 29.5161   │ 0.0000   │ 0         │ 0        │ 0         │ 0        │
│ max_ss_100C_1v60     │ -0.2734  │ 0.5902   │ -0.2734  │ 1        │ 0         │ 7.6591   │ 8.2046    │ 0.0000   │ 0         │ 0        │ 1         │ 15       │
│ max_ff_n40C_1v95     │ 0.0835   │ 0.0835   │ 0.0000   │ 0        │ 0         │ 11.6323  │ 37.3451   │ 0.0000   │ 0         │ 0        │ 0         │ 0        │
└──────────────────────┴──────────┴──────────┴──────────┴──────────┴───────────┴──────────┴───────────┴──────────┴───────────┴──────────┴───────────┴──────────┘
