 report_check_types -max_slew -max_cap -max_fanout -violators
============================================================================
======================= max_ss_100C_1v60 Corner ===================================

max slew

Pin                                        Limit        Slew       Slack
------------------------------------------------------------------------
_46803_/A1                              1.500000    1.534372   -0.034372 (VIOLATED)
fanout8134/A                            1.500000    1.534303   -0.034303 (VIOLATED)
_46421_/A1                              1.500000    1.534246   -0.034246 (VIOLATED)
_46400_/A1                              1.500000    1.534220   -0.034220 (VIOLATED)
_46463_/A0                              1.500000    1.534210   -0.034210 (VIOLATED)
_46336_/A1                              1.500000    1.534050   -0.034050 (VIOLATED)
_46315_/A1                              1.500000    1.534022   -0.034022 (VIOLATED)
_46528_/A1                              1.500000    1.533999   -0.033999 (VIOLATED)
_46507_/A1                              1.500000    1.533994   -0.033994 (VIOLATED)
_46486_/A1                              1.500000    1.533982   -0.033982 (VIOLATED)
_46549_/A0                              1.500000    1.533979   -0.033979 (VIOLATED)
_46294_/A1                              1.500000    1.533922   -0.033922 (VIOLATED)
_47000_/A0                              1.500000    1.533887   -0.033887 (VIOLATED)
_46357_/A0                              1.500000    1.533886   -0.033886 (VIOLATED)
fanout8135/X                            1.500000    1.533875   -0.033876 (VIOLATED)

max fanout

Pin                                   Limit Fanout  Slack
---------------------------------------------------------
wire5880/X                               20     22     -2 (VIOLATED)
fanout8176/X                             20     21        (VIOLATED)

max capacitance

Pin                                        Limit         Cap       Slack
------------------------------------------------------------------------
fanout8135/X                            0.081492    0.083421   -0.001929 (VIOLATED)



===========================================================================

Driver mapping from routed netlist:
fanout8135: sky130_fd_sc_hd__buf_1, A=u_npu_sys.imem_wr_data[26], X=net8135
